hello dongliqiang
